// Jest Snapshot v1, https://goo.gl/fbAQLP

exports[`The renderView component of the about modal should render correctly 1`] = `
<React.Fragment>
  <WithStyles(Modal)
    aria-describedby="simple-modal-description"
    aria-labelledby="simple-modal-title"
    onClose={[MockFunction]}
    open={false}
  >
    <WithStyles(Paper)
      className={Object {}}
    >
      <WithStyles(CardContent)>
        <WithStyles(Typography)
          variant="headline"
        >
          undefined undefined
        </WithStyles(Typography)>
        <WithStyles(Typography)
          variant="subheading"
        />
        <WithStyles(Typography)
          variant="body1"
        >
          <br />
        </WithStyles(Typography)>
        <WithStyles(Typography)
          variant="body1"
        >
          <a
            rel="noopener noreferrer"
            target="_blank"
          />
        </WithStyles(Typography)>
        <WithStyles(Typography)
          variant="body1"
        >
          <a
            rel="noopener noreferrer"
            target="_blank"
          />
        </WithStyles(Typography)>
        <WithStyles(Typography)
          variant="body1"
        >
          <a
            rel="noopener noreferrer"
            target="_blank"
          />
        </WithStyles(Typography)>
        <WithStyles(Typography)
          variant="body1"
        >
          <br />
        </WithStyles(Typography)>
        <WithStyles(Typography)
          variant="body1"
        >
          <a
            rel="noopener noreferrer"
            target="_blank"
          />
           | 
          <a
            rel="noopener noreferrer"
            target="_blank"
          />
        </WithStyles(Typography)>
        <div>
          <WithStyles(Button)
            onClick={[MockFunction]}
            size="small"
            variant="raised"
          />
        </div>
      </WithStyles(CardContent)>
    </WithStyles(Paper)>
  </WithStyles(Modal)>
</React.Fragment>
`;
